../Core/Src/main.c:105:5:main	64	static
../Core/Src/main.c:187:6:SystemClock_Config	96	static
../Core/Src/main.c:248:13:MX_CRC_Init	8	static
../Core/Src/main.c:279:13:MX_DFSDM1_Init	8	static
../Core/Src/main.c:317:13:MX_QUADSPI_Init	8	static
../Core/Src/main.c:350:13:MX_SPI3_Init	8	static
../Core/Src/main.c:390:13:MX_USART1_UART_Init	8	static
../Core/Src/main.c:425:13:MX_USART3_UART_Init	8	static
../Core/Src/main.c:460:13:MX_USB_OTG_FS_PCD_Init	8	static
../Core/Src/main.c:495:13:MX_GPIO_Init	48	static
../Core/Src/main.c:678:13:MEMS_Init	48	static
../Core/Src/main.c:712:6:HAL_GPIO_EXTI_Callback	16	static
../Core/Src/main.c:718:5:_write	24	static
../Core/Src/main.c:723:13:AI_Init	16	static
../Core/Src/main.c:738:13:AI_Run	24	static
../Core/Src/main.c:754:17:argmax	32	static
../Core/Src/main.c:772:6:Error_Handler	8	static,ignoring_inline_asm
